102 63
xxxxxxxxxxxxxxxxxxxxxxxxxxxxxxxxxxxxxxxxxxxxxxxxxxxxxxxxxxxxxxxxxxxxxxxxxxxxxxxxxxxxxxxxxxxxxxxxxxxxxx
x....x.......................................................................................xxxxxxxxx
x....x.......................................................................................xxxxxxxxx
x....x.......................................................................................xxxxxxxxx
x....x.......................................................................................xxxxxxxxx
x....x.......................................................................................xxxxxxxxx
x....x.......................................................................................xxxxxxxxx
x....x.......................................................................................xxxxxxxxx
x....x.......................................................................................xxxxxxxxx
x....x.......................................................................................xxxxxxxxx
x....x.......................................................................................xxxxxxxxx
x....x........................xxxx.xxxx.xxxx.x..x............................................xxxxxxxxx
x....x........................x....x..x.x..x.xx.x............................................xxxxxxxxx
x....x........................xxxx.x..x.x..x.xx.x............................................xxxxxxxxx
x....x...........................x.x..x.x..x.x.xx............................................xxxxxxxxx
x....x........................xxxx.xxxx.xxxx.x..x............................................xxxxxxxxx
x....x.......................................................................................xxxxxxxxx
x....x.......................................................................................xxxxxxxxx
x....x.......................................................................................xxxxxxxxx
x....x.......................................................................................xxxxxxxxx
x....x....xxxxxxxxxxxxxxxxxxxxxxxxxxxxxx....xxxxxxxxxxxxxxxxxxxxxxxxxxxxxxxxxxxxxxxxxxxxxxxxxxxxxxxxxx
x....x.......................................................................................xxxxxxxxx
x....x.......................................................................................xxxxxxxxx
x....x.......................................................................................xxxxxxxxx
x....x..............................................................................................xx
x....x..............................xxxxx........xxxxxxx........a......................v............xx
x....x......................e............xxxx................xxxxxxx................................xx
x....x........................a........................................a.........xxxxxxxx....xxxx...xx
x....x.....s...............xxxxx.........................s............xxxxxxxx...............xx.....xx
x....x............................xxx........................................................xx...xxxx
x....x...............s...................xxxx................................................xx.....xx
x....x...................................xxxx...xxxx...............f.........................xxxx...xx
x....x...f..................xxx........xxxxxx................................................xx.....xx
x....x.................a...xxxx.....xxxxxxxxx.......xxxx..................f..................xx...xxxx
x....x.j..............xxxxxxxxx...xxxxxxxxxxx........................f.......................xx.....xx
x....x..p...........a.xxxxxxxxx...xxxxxxxxxxx...........xxxx..........................s......xxxx...xx
x....xxxxxxxxxxx..xxxxxxxxxxxxx///xxxxxxxxxxx...............a................................xx.....xx
x....xxxxxxxxxxx//xxxxxxxxxxxxxxxxxxxxxxxxxxx...............xxxxx........xxxx................xx...xxxx
x....xxxxxxxxxxxxxxxxxxxxxxxxxxxxxxxxxxxxxxxx........................a.......xxxx.........j..xx.....xx
x....xxxxxxxxxxxxxxxxxxxxxxxxxxxxxxxxxxxxxxxx.........s..........xxxxxxxx........xxx.........xxxx...xx
x....xxxxxxxxxxxxxxxxxxxxxxxxxxxxxxxxxxxxxxxx...........................................xxxxxxx.....xx
x....xxxxxxxxxxxxxxxxxxxxxxxxxxxxxxxxxxxxxxxx..........................................xxxxxxxx...xxxx
x.....xxxxxxxxxxxxxxxxxxxxxxxxxxxxxxxxxxxxxxx.v.......................................xxxxxxxxx.....xx
x.....xxxxxxxxxxxxxxxxxxxxxxxxxxxxxxxxxxxxxxx.......a..a...a..a......................xxxxxxxxxxxx...xx
x.....xxxxxxxxxxxxxxxxxxxxxxxxxxxxxxxxxxxxxxxxxxxxxxxxxxxxxxxxxxxxxxxxxxxxxx...xxxxxxxxxxxxxxxx.....xx
x......xxxxxxxxxxxxxxxxxxxxxxxxxxxxxxxxxxxxxxxxxxxxxxxxxxxxxxxxxxxxxxxxxxxxx...xxxxxxxxxxxxxxxx...xxxx
x........xxxxxxxxxxx..xxxxxxxxx.......xxxxxxxxx..xxxxxxxxxxxxxxxxxxxxxxxxxxx...xxxxxxxxxxxxxxxx.....xx
x...............................................................xxxxxxxxxxxx.................xxxx...xx
x................................................................xxxxxxxxxxx...............v........xx
x....xxxxxxx....................xxxx..............................................................xxxx
x.............................xx....xx......xxxx..................................xxxxxxxxxxxxxxxxxxxx
x.........................xxxx........xx...x....xxx...............................xxxxxxxxxxxxxxxxxxxx
x..................xxxx.xxx.......f.....x.x........xxxxx..............xxxxxx......xxxxxxxxxxxxxxxxxxxx
x.................xxxxxxx................x............xx..........................xxxxxxxxxxxxxxxxxxxx
xxxxxxxxxxxxxxxxxxxxxx..................s..............x......xxxxx...............xxxxxxxxxxxxxxxxxxxx
x.............................................s........x..........................xxxxxxxxxxxxxxxxxxxx
x.j.B......................xxxx..........................................s........xxxxxxxxxxxxxxxxxxxx
x.......................xxxxxxxxx.....................................s...........xxxxxxxxxxxxxxxxxxxx
x.......................xxxxxxxxxxxx........a.............xxx.....................xxxxxxxxxxxxxxxxxxxx
x.......................xxxxxxxxxxxxx......xxxxxx.......xxxxxxx...................xxxxxxxxxxxxxxxxxxxx
x.......................xxxxxxxxxxxxxxx.............xxxxxxxxxxxx..................xxxxxxxxxxxxxxxxxxxx
x.......................xxxxxxxxxxxxxxx/////////////xxxxxxxxxxxxx..........xx.....xxxxxxxxxxxxxxxxxxxx
xxxxxxxxxxxxxxxxxxxxxxxxxxxxxxxxxxxxxxxxxxxxxxxxxxxxxxxxxxxxxxxxxxxxxxxxxxxxxxxxxxxxxxxxxxxxxxxxxxxxxx
